2026-08-06 22:18:22,558 INFO o.a.j.u.JMeterUtils: Setting Locale to en_EN
2026-08-06 22:18:22,588 INFO o.a.j.JMeter: Loading user properties from: C:\apache-jmeter-5.6.3\bin\user.properties
2026-08-06 22:18:22,589 INFO o.a.j.JMeter: Loading system properties from: C:\apache-jmeter-5.6.3\bin\system.properties
2026-08-06 22:18:22,589 INFO o.a.j.JMeter: Setting JMeter property: devices=10
2026-08-06 22:18:22,589 INFO o.a.j.JMeter: Setting JMeter property: rampup=2
2026-08-06 22:18:22,589 INFO o.a.j.JMeter: Setting JMeter property: rate_ms=500
2026-08-06 22:18:22,589 INFO o.a.j.JMeter: Setting JMeter property: duration=20
2026-08-06 22:18:22,598 INFO o.a.j.JMeter: Copyright (c) 1998-2024 The Apache Software Foundation
2026-08-06 22:18:22,599 INFO o.a.j.JMeter: Version 5.6.3
2026-08-06 22:18:22,599 INFO o.a.j.JMeter: java.version=21.0.8
2026-08-06 22:18:22,599 INFO o.a.j.JMeter: java.vm.name=Java HotSpot(TM) 64-Bit Server VM
2026-08-06 22:18:22,599 INFO o.a.j.JMeter: os.name=Windows 11
2026-08-06 22:18:22,599 INFO o.a.j.JMeter: os.arch=amd64
2026-08-06 22:18:22,599 INFO o.a.j.JMeter: os.version=10.0
2026-08-06 22:18:22,599 INFO o.a.j.JMeter: file.encoding=UTF-8
2026-08-06 22:18:22,599 INFO o.a.j.JMeter: java.awt.headless=true
2026-08-06 22:18:22,599 INFO o.a.j.JMeter: Max memory     =1073741824
2026-08-06 22:18:22,599 INFO o.a.j.JMeter: Available Processors =16
2026-08-06 22:18:22,614 INFO o.a.j.JMeter: Default Locale=English (EN)
2026-08-06 22:18:22,614 INFO o.a.j.JMeter: JMeter  Locale=English (EN)
2026-08-06 22:18:22,615 INFO o.a.j.JMeter: JMeterHome=C:\apache-jmeter-5.6.3
2026-08-06 22:18:22,615 INFO o.a.j.JMeter: user.dir  =C:\Users\Rifqi\Documents\MAGRIS\bench
2026-08-06 22:18:22,615 INFO o.a.j.JMeter: PWD       =C:\Users\Rifqi\Documents\MAGRIS\bench
2026-08-06 22:18:22,616 INFO o.a.j.JMeter: IP: 192.168.18.219 Name: DESKTOP-H14RT2T FullName: DESKTOP-H14RT2T
2026-08-06 22:18:22,630 INFO o.a.j.s.FileServer: Default base='C:\Users\Rifqi\Documents\MAGRIS\bench'
2026-08-06 22:18:22,631 INFO o.a.j.s.FileServer: Set new base='C:\Users\Rifqi\Documents\MAGRIS\bench\jmeter'
2026-08-06 22:18:22,899 INFO o.a.j.s.SaveService: Testplan (JMX) version: 2.2. Testlog (JTL) version: 2.2
2026-08-06 22:18:22,938 INFO o.a.j.s.SaveService: Using SaveService properties version 5.0
2026-08-06 22:18:22,941 INFO o.a.j.s.SaveService: Using SaveService properties file encoding UTF-8
2026-08-06 22:18:22,947 INFO o.a.j.s.SaveService: Loading file: jmeter\slope-mqtt-loadtest.jmx
2026-08-06 22:18:23,027 INFO o.a.j.JMeter: Creating summariser <summary>
2026-08-06 22:18:23,039 INFO o.a.j.e.StandardJMeterEngine: Running the test!
2026-08-06 22:18:23,040 INFO o.a.j.s.SampleEvent: List of sample_variables: []
2026-08-06 22:18:23,040 INFO o.a.j.s.SampleEvent: List of sample_variables: []
2026-08-06 22:18:23,044 INFO o.a.j.e.u.CompoundVariable: Note: Function class names must contain the string: '.functions.'
2026-08-06 22:18:23,044 INFO o.a.j.e.u.CompoundVariable: Note: Function class names must not contain the string: '.gui.'
2026-08-06 22:18:23,117 INFO o.a.j.r.ClassFinder: Will scan jar C:\apache-jmeter-5.6.3\lib\ext\mqtt-xmeter-2.0.2-jar-with-dependencies.jar with filter ExtendsClassFilter [parents=[interface org.apache.jmeter.functions.Function], inner=false, contains=null, notContains=null]. Consider exposing JMeter plugins via META-INF/services, and add JMeter-Skip-Class-Scanning=true manifest attribute so JMeter can skip classfile scanning
2026-08-06 22:18:23,747 INFO o.a.j.JMeter: Running test (1786029503747)
2026-08-06 22:18:23,765 INFO o.a.j.e.StandardJMeterEngine: Starting ThreadGroup: 1 : Devices
2026-08-06 22:18:23,766 INFO o.a.j.e.StandardJMeterEngine: Starting 10 threads for group Devices.
2026-08-06 22:18:23,766 INFO o.a.j.e.StandardJMeterEngine: Thread will continue on error
2026-08-06 22:18:23,766 INFO o.a.j.t.ThreadGroup: Starting thread group... number=1 threads=10 ramp-up=2 delayedStart=false
2026-08-06 22:18:23,774 INFO o.a.j.t.ThreadGroup: Started thread group number 1
2026-08-06 22:18:23,775 INFO o.a.j.e.StandardJMeterEngine: All thread groups have been started
2026-08-06 22:18:23,777 INFO o.a.j.t.JMeterThread: Thread started: Devices 1-1
2026-08-06 22:18:23,781 INFO o.a.j.s.SampleResult: Note: Sample TimeStamps are START times
2026-08-06 22:18:23,781 INFO o.a.j.s.SampleResult: sampleresult.default.encoding is set to UTF-8
2026-08-06 22:18:23,781 INFO o.a.j.s.SampleResult: sampleresult.useNanoTime=true
2026-08-06 22:18:23,781 INFO o.a.j.s.SampleResult: sampleresult.nanoThreadSleep=5000
2026-08-06 22:18:23,974 INFO o.a.j.t.JMeterThread: Thread started: Devices 1-2
2026-08-06 22:18:24,174 INFO o.a.j.t.JMeterThread: Thread started: Devices 1-3
2026-08-06 22:18:24,373 INFO o.a.j.t.JMeterThread: Thread started: Devices 1-4
2026-08-06 22:18:24,573 INFO o.a.j.t.JMeterThread: Thread started: Devices 1-5
2026-08-06 22:18:24,772 INFO o.a.j.t.JMeterThread: Thread started: Devices 1-6
2026-08-06 22:18:24,971 INFO o.a.j.t.JMeterThread: Thread started: Devices 1-7
2026-08-06 22:18:25,171 INFO o.a.j.t.JMeterThread: Thread started: Devices 1-8
2026-08-06 22:18:25,370 INFO o.a.j.t.JMeterThread: Thread started: Devices 1-9
2026-08-06 22:18:25,570 INFO o.a.j.t.JMeterThread: Thread started: Devices 1-10
2026-08-06 22:18:30,078 INFO o.a.j.r.Summariser: summary +    110 in 00:00:06 =   17.4/s Avg:     4 Min:     1 Max:   190 Err:     0 (0.00%) Active: 10 Started: 10 Finished: 0
2026-08-06 22:18:43,289 INFO o.a.j.t.JMeterThread: Thread finished: Devices 1-9
2026-08-06 22:18:43,289 INFO o.a.j.t.JMeterThread: Thread finished: Devices 1-4
2026-08-06 22:18:43,378 INFO o.a.j.t.JMeterThread: Thread finished: Devices 1-7
2026-08-06 22:18:43,454 INFO o.a.j.t.JMeterThread: Thread finished: Devices 1-2
2026-08-06 22:18:43,454 INFO o.a.j.t.JMeterThread: Thread finished: Devices 1-1
2026-08-06 22:18:43,486 INFO o.a.j.t.JMeterThread: Thread finished: Devices 1-10
2026-08-06 22:18:43,486 INFO o.a.j.t.JMeterThread: Thread finished: Devices 1-5
2026-08-06 22:18:43,561 INFO o.a.j.t.JMeterThread: Thread finished: Devices 1-3
2026-08-06 22:18:43,577 INFO o.a.j.t.JMeterThread: Thread finished: Devices 1-8
2026-08-06 22:18:43,682 INFO o.a.j.t.JMeterThread: Thread finished: Devices 1-6
2026-08-06 22:18:43,682 INFO o.a.j.e.StandardJMeterEngine: Notifying test listeners of end of test
2026-08-06 22:18:43,683 INFO o.a.j.r.Summariser: summary +    267 in 00:00:14 =   19.6/s Avg:     1 Min:     1 Max:     5 Err:     0 (0.00%) Active: 0 Started: 10 Finished: 10
2026-08-06 22:18:43,684 INFO o.a.j.r.Summariser: summary =    377 in 00:00:20 =   18.9/s Avg:     2 Min:     1 Max:   190 Err:     0 (0.00%)
